2026-09-01 10:50:54,399 - INFO - Initializing PROT MAD outlier analysis...
2026-09-01 10:50:54,400 - INFO - Calculating control reference statistics...
2026-09-01 10:50:54,828 - INFO - Calculating sample MAD scores...
2026-09-01 10:50:56,948 - INFO - Flagging outliers by patient x analyte across timepoints...
2026-09-01 10:50:57,499 - INFO - Identifying persistent and consistent outliers...
2026-09-01 10:52:55,316 - INFO - 113 super candidate metabolites (in >=3 lists) identified.
2026-09-01 10:52:59,085 - INFO - 44 super candidate metabolites (in >=3 lists) identified.
2026-09-01 11:37:56,719 - INFO - 0 super candidate metabolites (in >=3 lists) identified.
2026-09-01 11:38:08,663 - INFO - 0 super candidate metabolites (in >=3 lists) identified.
2026-09-01 11:40:00,394 - INFO - 0 super candidate metabolites (in >=3 lists) identified.
2026-09-01 11:43:47,366 - INFO - 0 super candidate metabolites (in >=3 lists) identified.
2026-09-01 11:56:29,571 - INFO - 11 super candidate metabolites (in >=3 lists) identified.
2026-09-01 11:57:03,137 - INFO - 113 super candidate metabolites (in >=3 lists) identified.
2026-09-01 11:57:53,549 - INFO - 113 super candidate metabolites (in >=3 lists) identified.
2026-09-01 11:57:54,389 - INFO - 44 super candidate metabolites (in >=3 lists) identified.
2026-09-01 12:06:25,791 - INFO - 113 super candidate metabolites (in >=3 lists) identified.
2026-09-01 12:06:26,554 - INFO - 44 super candidate metabolites (in >=3 lists) identified.
2026-09-01 12:07:56,046 - INFO - 113 super candidate metabolites (in >=3 lists) identified.
2026-09-01 12:07:56,805 - INFO - 44 super candidate metabolites (in >=3 lists) identified.
2026-09-01 12:08:37,956 - INFO - 113 super candidate metabolites (in >=3 lists) identified.
2026-09-01 12:08:38,695 - INFO - 44 super candidate metabolites (in >=3 lists) identified.
