2026-08-17 15:29:27,796 - INFO - Initializing PROT MAD outlier analysis...
2026-08-17 15:29:27,796 - INFO - Calculating control reference statistics...
2026-08-17 15:29:28,161 - INFO - Calculating sample MAD scores...
2026-08-17 15:29:30,327 - INFO - Flagging outliers by patient x analyte across timepoints...
2026-08-17 15:29:30,884 - INFO - Identifying persistent and consistent outliers...
2026-08-17 15:29:48,172 - INFO - 6 super candidate metabolites (in >=3 lists) identified.
2026-08-17 16:08:03,056 - INFO - Initializing PROT MAD outlier analysis...
2026-08-17 16:08:03,057 - INFO - Calculating control reference statistics...
2026-08-17 16:08:03,505 - INFO - Calculating sample MAD scores...
2026-08-17 16:08:05,626 - INFO - Flagging outliers by patient x analyte across timepoints...
2026-08-17 16:08:06,182 - INFO - Identifying persistent and consistent outliers...
2026-08-17 16:08:47,294 - INFO - Initializing PROT MAD outlier analysis...
2026-08-17 16:08:47,294 - INFO - Calculating control reference statistics...
2026-08-17 16:08:47,662 - INFO - Calculating sample MAD scores...
2026-08-17 16:08:49,792 - INFO - Flagging outliers by patient x analyte across timepoints...
2026-08-17 16:08:50,349 - INFO - Identifying persistent and consistent outliers...
2026-08-17 16:09:48,202 - INFO - Initializing PROT MAD outlier analysis...
2026-08-17 16:09:48,202 - INFO - Calculating control reference statistics...
2026-08-17 16:09:48,586 - INFO - Calculating sample MAD scores...
2026-08-17 16:09:50,976 - INFO - Flagging outliers by patient x analyte across timepoints...
2026-08-17 16:09:51,553 - INFO - Identifying persistent and consistent outliers...
2026-08-17 16:11:05,287 - INFO - Initializing PROT MAD outlier analysis...
2026-08-17 16:11:05,287 - INFO - Calculating control reference statistics...
2026-08-17 16:11:05,774 - INFO - Calculating sample MAD scores...
2026-08-17 16:11:08,025 - INFO - Flagging outliers by patient x analyte across timepoints...
2026-08-17 16:11:08,596 - INFO - Identifying persistent and consistent outliers...
